// Jest Snapshot v1, https://goo.gl/fbAQLP

exports[`ForecastDetails component Renders correctly 1`] = `
<DocumentFragment>
  <div
    class="forecast-details"
    data-testid="forecast-details"
  >
    <div
      class="forecast-details__date"
    >
      Thu Jan 01 1970
    </div>
    <div
      class="forecast-details__min-temp"
    >
      12
    </div>
    <div
      class="forecast-details__max-temp"
    >
      22
    </div>
    <div
      class="forecast-details__humidity"
    >
      80
    </div>
    <div
      class="forecast-details__wind-speed"
    >
      60
    </div>
    <div
      class="forecast-details__wind-direction"
      data-testid="forecast-details__wind-direction"
    >
      ne
    </div>
  </div>
</DocumentFragment>
`;
